[13/09/2026  0:10:32,26] iniciando coleta 
    aviso: TLS do portal nao verificavel nesta maquina; seguindo sem verificacao
descoberta: 36 processos com as partes buscadas
  coletando RE 282565 (incidente 1854585)…
  coletando RE 343042 (incidente 2013960)…
  coletando AI 490312 (incidente 2192891)…
  coletando AI 755922 (incidente 2681664)…
  coletando AI 826287 (incidente 3986350)…
  coletando AI 842184 (incidente 4052515)…
  coletando RE 1311224 (incidente 6110176)…
  coletando ARE 1450318 (incidente 6702480)…
  coletando RE 1479792 (incidente 6853613)…
  coletando ARE 1514194 (incidente 7030089)…
  coletando ARE 1533346 (incidente 7144484)…
  coletando ARE 1565238 (incidente 7344219)…
  coletando ARE 1570184 (incidente 7373506)…
  coletando HC 263033 (incidente 7400475)…
  coletando Rcl 88121 (incidente 7450195)…
  coletando Pet 15198 (incidente 7473336)…
  coletando Inq 5026 (incidente 7473347)…
  coletando Inq 5035 (incidente 7498168)…
  coletando Pet 15478 (incidente 7505188)…
  coletando Pet 15487 (incidente 7506302)…
  coletando Pet 15499 (incidente 7509111)…
  coletando Pet 15504 (incidente 7509527)…
  coletando Pet 15556 (incidente 7514886)…
  coletando Pet 15562 (incidente 7515623)…
  coletando Pet 15711 (incidente 7535768)…
  coletando Pet 15855 (incidente 7556527)…
  coletando Pet 15873 (incidente 7559421)…
  coletando Pet 15976 (incidente 7576883)…
  coletando Pet 15977 (incidente 7576885)…
  coletando Pet 15978 (incidente 7576893)…
  coletando Rcl 95516 (incidente 7607109)…
  coletando HC 273445 (incidente 7616172)…
  coletando ARE 1612271 (incidente 7627572)…
  coletando ARE 1615475 (incidente 7645437)…
  coletando Rcl 97917 (incidente 7653088)…
  coletando ARE 1620035 (incidente 7673438)…
ok: 36 processos → dados\processos.json
ok: 17 processos, 2861 andamentos, 560 documentos → docs\dados.json
474 peças únicas a processar
  25/474 peças
  50/474 peças
  75/474 peças
    erro ao ler 15386357454.pdf: Cannot open empty file: filename='C:\\Users\\INTEL\\Desktop\\Master-counter\\dados\\pecas\\15386357454.pdf'.
  100/474 peças
    erro ao ler 15384468097.pdf: Cannot open empty file: filename='C:\\Users\\INTEL\\Desktop\\Master-counter\\dados\\pecas\\15384468097.pdf'.
    erro ao ler 15384468096.pdf: Cannot open empty file: filename='C:\\Users\\INTEL\\Desktop\\Master-counter\\dados\\pecas\\15384468096.pdf'.
    erro ao ler 15384447195.pdf: Cannot open empty file: filename='C:\\Users\\INTEL\\Desktop\\Master-counter\\dados\\pecas\\15384447195.pdf'.
  125/474 peças
  150/474 peças
    erro ao ler 15390146247.pdf: Cannot open empty file: filename='C:\\Users\\INTEL\\Desktop\\Master-counter\\dados\\pecas\\15390146247.pdf'.
  175/474 peças
    erro ao ler 15389292597.pdf: Cannot open empty file: filename='C:\\Users\\INTEL\\Desktop\\Master-counter\\dados\\pecas\\15389292597.pdf'.
    erro ao ler 15388926913.pdf: Cannot open empty file: filename='C:\\Users\\INTEL\\Desktop\\Master-counter\\dados\\pecas\\15388926913.pdf'.
    erro ao ler 15386520737.pdf: Cannot open empty file: filename='C:\\Users\\INTEL\\Desktop\\Master-counter\\dados\\pecas\\15386520737.pdf'.
  200/474 peças
  225/474 peças
  250/474 peças
  275/474 peças
    erro ao ler 15387362961.pdf: Cannot open empty file: filename='C:\\Users\\INTEL\\Desktop\\Master-counter\\dados\\pecas\\15387362961.pdf'.
  300/474 peças
    erro ao ler 15385275494.pdf: Cannot open empty file: filename='C:\\Users\\INTEL\\Desktop\\Master-counter\\dados\\pecas\\15385275494.pdf'.
  325/474 peças
  350/474 peças
  375/474 peças
  400/474 peças
    erro ao ler 15390146416.pdf: Cannot open empty file: filename='C:\\Users\\INTEL\\Desktop\\Master-counter\\dados\\pecas\\15390146416.pdf'.
  425/474 peças
  450/474 peças
    erro ao ler 15387072940.pdf: Cannot open empty file: filename='C:\\Users\\INTEL\\Desktop\\Master-counter\\dados\\pecas\\15387072940.pdf'.
  474/474 peças
ok: {'pecas': 474, 'baixadas': 474, 'com_texto': 462, 'digitalizadas_sem_ocr': 0, 'paginas': 1220, 'substantivas': 52} -> dados\mencoes.json
ok: 13 nomes encontrados em 474 peças (0 novas nesta coleta) -> docs\mencoes.json
[13/09/2026  0:16:29,31] publicado 
